** Drc report for ph_sensor.kicad_pcb **
** Created on 2026-07-16T08:46:40 **
** Report includes: Errors, Warnings **

** Found 53 DRC violations **
[isolated_copper]: Isolated copper fill
    Local override; warning
    @(90.3000 mm, 80.1800 mm): Zone 'Normal' [GND] on F.Cu, priority 0
[isolated_copper]: Isolated copper fill
    Local override; warning
    @(90.3000 mm, 80.1800 mm): Zone 'Normal' [GND] on F.Cu, priority 0
[isolated_copper]: Isolated copper fill
    Local override; warning
    @(90.3000 mm, 80.1800 mm): Zone 'Normal' [GND] on F.Cu, priority 0
[isolated_copper]: Isolated copper fill
    Local override; warning
    @(90.3000 mm, 80.1800 mm): Zone 'Normal' [GND] on F.Cu, priority 0
[isolated_copper]: Isolated copper fill
    Local override; warning
    @(90.3000 mm, 80.1800 mm): Zone 'Normal' [GND] on F.Cu, priority 0
[silk_edge_clearance]: Silkscreen clipped by board edge
    Rule: board setup constraints silk; warning
    @(90.0500 mm, 80.0200 mm): Rectangle on Edge.Cuts
    @(90.3950 mm, 99.0050 mm): Reference field of U1
[silk_edge_clearance]: Silkscreen clipped by board edge
    Rule: board setup constraints silk; warning
    @(90.0500 mm, 80.0200 mm): Rectangle on Edge.Cuts
    @(90.0690 mm, 94.4260 mm): Segment of U1 on F.Silkscreen
[silk_edge_clearance]: Silkscreen clipped by board edge
    Rule: board setup constraints silk; warning
    @(90.0500 mm, 80.0200 mm): Rectangle on Edge.Cuts
    @(91.0790 mm, 103.4250 mm): Segment of U1 on F.Silkscreen
[silk_edge_clearance]: Silkscreen clipped by board edge
    Rule: board setup constraints silk; warning
    @(90.0500 mm, 80.0200 mm): Rectangle on Edge.Cuts
    @(90.0691 mm, 94.9261 mm): Arc of U1 on F.Silkscreen
[silk_edge_clearance]: Silkscreen clipped by board edge
    Rule: board setup constraints silk; warning
    @(90.0500 mm, 80.0200 mm): Rectangle on Edge.Cuts
    @(90.0690 mm, 102.9213 mm): Arc of U1 on F.Silkscreen
[lib_footprint_mismatch]: Footprint 'R0402' does not match copy in library 'easyeda2kicad'
    Local override; warning
    @(138.5000 mm, 107.0500 mm): Footprint R4
[lib_footprint_issues]: The footprint library 'Parts_1' is not enabled in the current configuration
    Local override; warning
    @(149.4250 mm, 92.4740 mm): Footprint U2
[lib_footprint_mismatch]: Footprint 'R0402' does not match copy in library 'easyeda2kicad'
    Local override; warning
    @(106.6500 mm, 109.6250 mm): Footprint R2
[lib_footprint_mismatch]: Footprint 'R0402' does not match copy in library 'easyeda2kicad'
    Local override; warning
    @(138.5000 mm, 105.8750 mm): Footprint R3
[lib_footprint_issues]: The footprint library 'Parts_1' is not enabled in the current configuration
    Local override; warning
    @(101.5700 mm, 98.9300 mm): Footprint U1
[lib_footprint_mismatch]: Footprint 'R0402' does not match copy in library 'easyeda2kicad'
    Local override; warning
    @(104.2000 mm, 109.6500 mm): Footprint R1
[text_height]: Text height out of range (board setup constraints silk text height min height 0.8000 mm; actual 0.6350 mm)
    Rule: board setup constraints silk text height; warning
    @(90.3950 mm, 99.0050 mm): Reference field of U1
[silk_overlap]: Silkscreen clearance
    Rule: board setup constraints silk; warning
    @(132.4150 mm, 102.9750 mm): Reference field of U3
    @(133.4900 mm, 103.7700 mm): Reference field of C4
[silk_overlap]: Silkscreen clearance
    Rule: board setup constraints silk; warning
    @(130.3550 mm, 103.8150 mm): Segment of U3 on F.Silkscreen
    @(133.4900 mm, 103.7700 mm): Reference field of C4
[silk_overlap]: Silkscreen clearance
    Rule: board setup constraints silk; warning
    @(138.5000 mm, 111.0500 mm): Reference field of R4
    @(138.5000 mm, 109.8750 mm): Reference field of R3
[silk_over_copper]: Silkscreen clipped by solder mask
    Local override; warning
    @(140.0500 mm, 92.8000 mm): Circle of C5 on F.Silkscreen
    @(140.1300 mm, 92.5500 mm): Pad 1 [GND_ISO] of C5 on F.Cu
[silk_over_copper]: Silkscreen clipped by solder mask
    Local override; warning
    @(128.2250 mm, 103.9000 mm): Reference field of C1
    @(129.9400 mm, 104.4700 mm): Pad 1 [+3.3V] of U3 on F.Cu
[silk_over_copper]: Silkscreen clipped by solder mask
    Local override; warning
    @(128.7250 mm, 99.6500 mm): Circle of C1 on F.Silkscreen
    @(128.6450 mm, 99.9000 mm): Pad 1 [+3.3V] of C1 on F.Cu
[silk_over_copper]: Silkscreen clipped by solder mask
    Local override; warning
    @(106.9000 mm, 110.1250 mm): Circle of R2 on F.Silkscreen
    @(106.6500 mm, 110.0550 mm): Pad 1 [+3.3V] of R2 on F.Cu
[silk_over_copper]: Silkscreen clipped by solder mask
    Local override; warning
    @(104.4500 mm, 110.1500 mm): Circle of R1 on F.Silkscreen
    @(104.2000 mm, 110.0800 mm): Pad 1 [+3.3V] of R1 on F.Cu
[silk_over_copper]: Silkscreen clipped by solder mask
    Local override; warning
    @(110.0790 mm, 90.0400 mm): Segment of U1 on F.Silkscreen
    @(101.5700 mm, 90.6750 mm): Pad 11 [unconnected-(U1-D10-Pad11)] of U1 on F.Cu
[silk_over_copper]: Silkscreen clipped by solder mask
    Local override; warning
    @(110.0790 mm, 90.0400 mm): Segment of U1 on F.Silkscreen
    @(99.0300 mm, 90.6750 mm): Pad 12 [+3.3V] of U1 on F.Cu
[silk_over_copper]: Silkscreen clipped by solder mask
    Local override; warning
    @(110.0790 mm, 90.0400 mm): Segment of U1 on F.Silkscreen
    @(96.4900 mm, 90.6750 mm): Pad 13 [GND] of U1 on F.Cu
[silk_over_copper]: Silkscreen clipped by solder mask
    Local override; warning
    @(110.0790 mm, 90.0400 mm): Segment of U1 on F.Silkscreen
    @(93.9500 mm, 90.6750 mm): Pad 14 [unconnected-(U1-VBUS-Pad14)] of U1 on F.Cu
[silk_over_copper]: Silkscreen clipped by solder mask
    Local override; warning
    @(110.0790 mm, 90.0400 mm): Segment of U1 on F.Silkscreen
    @(109.1900 mm, 90.6750 mm): Pad 8 [unconnected-(U1-D7-Pad8)] of U1 on F.Cu
[silk_over_copper]: Silkscreen clipped by solder mask
    Local override; warning
    @(110.0790 mm, 90.0400 mm): Segment of U1 on F.Silkscreen
    @(107.9200 mm, 90.2750 mm): Pad 29 [unconnected-(U1-D25-Pad29)] of U1 on F.Cu
[silk_over_copper]: Silkscreen clipped by solder mask
    Local override; warning
    @(110.0790 mm, 90.0400 mm): Segment of U1 on F.Silkscreen
    @(106.6500 mm, 90.6750 mm): Pad 9 [unconnected-(U1-D8-Pad9)] of U1 on F.Cu
[silk_over_copper]: Silkscreen clipped by solder mask
    Local override; warning
    @(110.0790 mm, 90.0400 mm): Segment of U1 on F.Silkscreen
    @(104.1100 mm, 90.6750 mm): Pad 10 [unconnected-(U1-D9-Pad10)] of U1 on F.Cu
[silk_over_copper]: Silkscreen clipped by solder mask
    Local override; warning
    @(110.0790 mm, 90.0400 mm): Segment of U1 on F.Silkscreen
    @(105.3800 mm, 90.2750 mm): Pad 30 [unconnected-(U1-D26-Pad30)] of U1 on F.Cu
[silk_over_copper]: Silkscreen clipped by solder mask
    Local override; warning
    @(110.0790 mm, 90.0400 mm): Segment of U1 on F.Silkscreen
    @(102.8400 mm, 90.2750 mm): Pad 31 [unconnected-(U1-D27-Pad31)] of U1 on F.Cu
[silk_over_copper]: Silkscreen clipped by solder mask
    Local override; warning
    @(110.0790 mm, 107.8200 mm): Segment of U1 on F.Silkscreen
    @(96.4900 mm, 107.1850 mm): Pad 2 [unconnected-(U1-D1-Pad2)] of U1 on F.Cu
[silk_over_copper]: Silkscreen clipped by solder mask
    Local override; warning
    @(110.0790 mm, 107.8200 mm): Segment of U1 on F.Silkscreen
    @(93.9500 mm, 107.1850 mm): Pad 1 [TEMP_DQ] of U1 on F.Cu
[silk_over_copper]: Silkscreen clipped by solder mask
    Local override; warning
    @(110.0790 mm, 107.8200 mm): Segment of U1 on F.Silkscreen
    @(95.2200 mm, 107.5850 mm): Pad 23 [unconnected-(U1-D19-Pad23)] of U1 on F.Cu
[silk_over_copper]: Silkscreen clipped by solder mask
    Local override; warning
    @(110.0790 mm, 107.8200 mm): Segment of U1 on F.Silkscreen
    @(99.0300 mm, 107.1850 mm): Pad 3 [unconnected-(U1-D2-Pad3)] of U1 on F.Cu
[silk_over_copper]: Silkscreen clipped by solder mask
    Local override; warning
    @(110.0790 mm, 107.8200 mm): Segment of U1 on F.Silkscreen
    @(97.7600 mm, 107.5850 mm): Pad 24 [unconnected-(U1-D20-Pad24)] of U1 on F.Cu
[silk_over_copper]: Silkscreen clipped by solder mask
    Local override; warning
    @(110.0790 mm, 107.8200 mm): Segment of U1 on F.Silkscreen
    @(101.5700 mm, 107.1850 mm): Pad 4 [unconnected-(U1-D3-Pad4)] of U1 on F.Cu
[silk_over_copper]: Silkscreen clipped by solder mask
    Local override; warning
    @(110.0790 mm, 107.8200 mm): Segment of U1 on F.Silkscreen
    @(100.3000 mm, 107.5850 mm): Pad 25 [unconnected-(U1-D21-Pad25)] of U1 on F.Cu
[silk_over_copper]: Silkscreen clipped by solder mask
    Local override; warning
    @(110.0790 mm, 107.8200 mm): Segment of U1 on F.Silkscreen
    @(104.1100 mm, 107.1850 mm): Pad 5 [SDA_H] of U1 on F.Cu
[silk_over_copper]: Silkscreen clipped by solder mask
    Local override; warning
    @(110.0790 mm, 107.8200 mm): Segment of U1 on F.Silkscreen
    @(102.8400 mm, 107.5850 mm): Pad 26 [unconnected-(U1-D22-Pad26)] of U1 on F.Cu
[silk_over_copper]: Silkscreen clipped by solder mask
    Local override; warning
    @(110.0790 mm, 107.8200 mm): Segment of U1 on F.Silkscreen
    @(106.6500 mm, 107.1850 mm): Pad 6 [SCL_H] of U1 on F.Cu
[silk_over_copper]: Silkscreen clipped by solder mask
    Local override; warning
    @(110.0790 mm, 107.8200 mm): Segment of U1 on F.Silkscreen
    @(105.3800 mm, 107.5850 mm): Pad 27 [unconnected-(U1-D23-Pad27)] of U1 on F.Cu
[silk_over_copper]: Silkscreen clipped by solder mask
    Local override; warning
    @(110.0790 mm, 107.8200 mm): Segment of U1 on F.Silkscreen
    @(109.1900 mm, 107.1850 mm): Pad 7 [unconnected-(U1-D6-Pad7)] of U1 on F.Cu
[silk_over_copper]: Silkscreen clipped by solder mask
    Local override; warning
    @(110.0790 mm, 107.8200 mm): Segment of U1 on F.Silkscreen
    @(107.9200 mm, 107.5850 mm): Pad 28 [unconnected-(U1-D24-Pad28)] of U1 on F.Cu
[silk_over_copper]: Silkscreen clipped by solder mask
    Local override; warning
    @(96.2000 mm, 109.6000 mm): Circle of R6 on F.Silkscreen
    @(96.1300 mm, 109.8500 mm): Pad 1 [+3.3V] of R6 on F.Cu
[silk_over_copper]: Silkscreen clipped by solder mask
    Local override; warning
    @(139.0000 mm, 106.8000 mm): Circle of R4 on F.Silkscreen
    @(138.9300 mm, 107.0500 mm): Pad 1 [+3v3V_ISO] of R4 on F.Cu
[silk_over_copper]: Silkscreen clipped by solder mask
    Local override; warning
    @(133.4900 mm, 103.7700 mm): Reference field of C4
    @(134.8900 mm, 104.4700 mm): Pad 8 [+3v3V_ISO] of U3 on F.Cu
[silk_over_copper]: Silkscreen clipped by solder mask
    Local override; warning
    @(139.0000 mm, 105.6250 mm): Circle of R3 on F.Silkscreen
    @(138.9300 mm, 105.8750 mm): Pad 1 [+3v3V_ISO] of R3 on F.Cu
[silk_over_copper]: Silkscreen clipped by solder mask
    Local override; warning
    @(141.4000 mm, 115.0000 mm): Circle of R5 on F.Silkscreen
    @(141.3300 mm, 115.2500 mm): Pad 1 [AGND_ISO] of R5 on F.Cu

** Found 0 unconnected pads **

** Found 0 Footprint errors **

** Ignored checks **
    - Footprint has no courtyard defined
    - Track endpoint not centered on via
    - Tuning profile track geometries
    - Footprint doesn't match symbol's footprint filters
    - Footprint component type doesn't match footprint pads

** End of Report **
